43e00000 T __image_copy_start
43e00000 T _start
43e00020 T _undefined_instruction
43e00024 T _software_interrupt
43e00028 T _prefetch_abort
43e0002c T _data_abort
43e00030 T _not_used
43e00034 T _irq
43e00038 T _fiq
43e00040 T IRQ_STACK_START_IN
43e00060 t undefined_instruction
43e000c0 t software_interrupt
43e00120 t prefetch_abort
43e00180 t data_abort
43e001e0 t not_used
43e00240 t irq
43e002a0 t fiq
43e002e8 T reset
43e002ec T save_boot_params_ret
43e00320 T c_runtime_cpu_setup
43e00330 W save_boot_params
43e00334 T cpu_init_cp15
43e0038c T invalidate_dcache_all
43e00390 T flush_dcache_all
43e00394 T invalidate_dcache_range
43e00398 T flush_dcache_range
43e0039c T invalidate_icache_all
43e003b4 W v7_outer_cache_disable
43e003b8 W cpu_cache_initialization
43e003bc T cleanup_before_linux_select
43e00408 T cleanup_before_linux
43e00410 T arch_cpu_init
43e004cc T print_cpuinfo
43e00538 t timer_get_us_down
43e00578 T get_timer
43e00658 T timer_get_us
43e006b0 T __udelay
43e006d4 T reset_timer_masked
43e0071c T timer_init
43e00770 T get_ticks
43e00784 T get_tbclk
43e0078c T pwm_enable
43e007e8 T pwm_config
43e00964 T pwm_init
43e00aa0 T _main
43e00aec t here
43e00b40 T memset
43e00c1c T memcpy
43e00fc8 T setjmp
43e00fd8 T longjmp
43e00ff4 W relocate_vectors
43e01000 T relocate_code
43e01010 t copy_loop
43e01028 t fixloop
43e01048 t fixnext
43e01050 t relocate_done
43e01064 T arch_fixup_fdt
43e010c4 T arch_lmb_reserve
43e010e8 W board_quiesce_devices
43e010ec t boot_jump_linux
43e011bc W setup_board_tags
43e011c0 t boot_prep_linux
43e01398 T do_bootm_linux
43e013f0 T boot_prep_vxworks
43e01440 T boot_jump_vxworks
43e0144c T bootz_setup
43e014ec W arch_reserve_stacks
43e01508 T interrupt_init
43e01524 T enable_interrupts
43e01528 T disable_interrupts
43e01530 T bad_mode
43e01540 T show_regs
43e016b4 T do_undefined_instruction
43e016e4 T do_software_interrupt
43e01714 T do_prefetch_abort
43e01744 T do_data_abort
43e01774 T do_not_used
43e017a4 T do_fiq
43e017d4 T do_irq
43e01804 T do_reset
43e01834 W enable_caches
43e01840 W flush_cache
43e01848 T icache_enable
43e0185c T icache_disable
43e01874 T icache_status
43e01880 T dcache_enable
43e01884 T dcache_disable
43e01888 T dcache_status
43e01890 T reset_cpu
43e018d0 t exynos_get_pll_clk
43e019a4 t get_clk_bit_info
43e019ec t exynos542x_get_pll_clk
43e01ad8 t exynos5_get_pll_clk
43e01be4 T clock_get_periph_rate
43e01f4c T get_pll_clk
43e0205c T get_arm_clk
43e020c4 T get_pwm_clk
43e021a8 T get_uart_clk
43e02284 T get_mmc_clk
43e023bc T set_mmc_clk
43e024d4 t exynos4_uart_config
43e024d4 t exynos4x12_uart_config
43e024d4 t exynos5420_uart_config
43e02554 t exynos4_i2c_config.isra.1
43e02554 t exynos4x12_i2c_config.isra.0
43e02650 T exynos5_spi_config
43e02708 T exynos5420_spi_config
43e027b4 T exynos_pinmux_config
43e0309c T pinmux_decode_periph_id
43e030f4 T g_dnl_bind_fixup
43e03198 T board_init
43e031ac T dram_init
43e031e0 T dram_init_banksize
43e03228 T board_early_init_f
43e03268 T checkboard
43e032a8 T reset_misc
43e0333c T board_usb_cleanup
43e03344 T get_board_rev
43e0334c T exynos_init
43e03354 T board_usb_init
43e0335c T exynos_early_init_f
43e03364 W do_go_exec
43e03374 t do_go
43e033e0 T do_bootm
43e034e8 T do_bootd
43e03508 t image_info
43e035d4 t do_iminfo
43e03628 t do_help
43e0366c t do_version
43e036ac T source
43e03784 t do_source
43e037cc t print_num
43e037e0 t do_bdinfo
43e038f8 t efi_init_obj_list
43e03928 t do_bootefi_exec
43e03d60 t do_bootefi
43e03e8c T efi_set_bootdev
43e03fa0 T do_bootz
43e0409c t parse_argv
43e04100 t do_icache
43e04188 t do_dcache
43e04210 t do_coninfo
43e042c0 t do_echo
43e04374 t load_elf_image_shdr
43e04400 T valid_elf_image
43e0444c T do_bootelf
43e04618 T do_bootvx
43e04904 t do_exit
43e0494c T do_ext4_size
43e04964 T do_ext4_load
43e0497c T do_ext4_ls
43e04994 T do_ext4_write
43e049ac T do_ext2load
43e049c4 t do_ext2ls
43e049dc T do_fat_size
43e049f4 T do_fat_fsload
43e04a0c t do_fat_ls
43e04a24 t do_fat_fswrite
43e04b48 t do_fat_fsinfo
43e04bd4 t fdt_valid
43e04c90 t is_printable_string
43e04d18 t print_data
43e04e88 T set_working_fdt_addr
43e04ea4 t do_fdt
43e05dc4 t do_flinfo
43e05dcc t do_protect
43e05ddc t do_flerase
43e05de4 t do_size_wrapper
43e05dfc t do_load_wrapper
43e05e60 t do_save_wrapper
43e05e78 t do_ls_wrapper
43e05e90 t do_fstype_wrapper
43e05e94 t evalexp
43e05f10 t evalstr
43e05f74 t binary_test
43e06134 t do_itest
43e061bc t bin_data_init
43e061e8 t k_data_save
43e06234 t k_data_restore
43e06280 t getcxmodem
43e062a0 t load_serial_ymodem
43e0636c t bin_data_char
43e06398 t chk1.constprop.2
43e063c8 t s1_sendpacket.constprop.3
43e06414 t load_serial
43e065ec t do_load_serial
43e066c8 t do_load_serial_bin
43e06e5c t do_mem_mw
43e06f1c t do_mem_loop
43e07008 t do_mem_md
43e070f0 t do_mem_cmp
43e07244 t do_mem_base
43e07284 t do_mem_cp
43e0732c t do_mem_crc
43e07374 t mod_mem.isra.0
43e074e4 t do_mem_mm
43e074ec t do_mem_nm
43e074f4 t extract_range
43e07548 t do_mii
43e07e3c t do_mmcops
43e07ef4 t init_mmc_device
43e07f44 t do_mmc_rescan
43e07f68 t do_mmc_hwpartition
43e08474 t do_mmc_list
43e08488 t do_mmc_dev
43e085bc t do_mmc_erase
43e086a4 t do_mmc_write
43e087a4 t do_mmc_read
43e08884 t do_mmcinfo
43e08bf0 t do_mmc_setdsr
43e08c98 t do_mmc_part
43e08cf8 t do_part_list
43e08e70 t do_part_start
43e08f30 t do_part_size
43e08ff0 t do_part
43e09104 t get_arg
43e0915c t do_setexpr
43e09290 t do_false
43e09298 t do_true
43e092a0 t do_test
43e095c8 t ums_fini
43e0961c t ums_write_sector
43e0962c t ums_read_sector
43e0963c t do_usb_mass_storage
43e09984 T do_thor_down
43e09a48 t do_dfu
43e09ac4 t extract_val
43e09b60 t extract_env
43e09c54 t set_gpt_info.isra.0.constprop.1
43e0a120 t do_gpt
43e0a424 t do_env_delete
43e0a4c4 t do_env_exists
43e0a528 t do_env_save
43e0a550 t do_env
43e0a5b8 t env_print
43e0a67c t do_env_print
43e0a73c t do_env_import
43e0a9a0 t do_env_default
43e0aa3c t _do_env_set.isra.0
43e0abf0 t do_env_set
43e0ac10 T env_set
43e0ac70 T env_set_ulong
43e0ac90 T env_set_hex
43e0acc4 t do_env_export
43e0aee4 T envmatch
43e0af50 T env_get_f
43e0b018 T env_get
43e0b090 T env_get_hex
43e0b0cc T env_get_ulong
43e0b0fc t do_env_edit.part.3
43e0b1a8 t do_env_edit
43e0b1d4 T board_init_f_alloc_reserve
43e0b1e0 T board_init_f_init_reserve
43e0b200 W show_boot_progress
43e0b208 T main_loop
43e0b254 t mdelay
43e0b270 t dummy
43e0b274 T get_version
43e0b27c T jumptable_init
43e0b45c t hash_finish_crc32
43e0b48c t hash_update_crc32
43e0b4b0 t hash_init_crc32
43e0b4d4 T hash_lookup_algo
43e0b4fc T hash_command
43e0b5ac t b_reset
43e0b5c8 t static_get
43e0b5e4 t static_peek
43e0b5f0 t mapset
43e0b610 t syntax_err
43e0b61c t free_pipe_list
43e0b700 t xmalloc
43e0b720 t new_pipe
43e0b748 t xrealloc
43e0b768 t done_command
43e0b7f0 t done_pipe
43e0b838 t done_word
43e0bb04 t is_assignment
43e0bb60 t file_get
43e0bd4c t do_showvar
43e0be4c t b_addchr
43e0becc t b_addqchr
43e0bf1c t file_peek
43e0bf28 T get_local_var
43e0bfbc T set_local_var
43e0c164 t insert_var_value_sub
43e0c41c T parse_string_outer
43e0c504 t run_list_real
43e0ccb4 t parse_stream_outer
43e0d374 T parse_file_outer
43e0d3b8 T u_boot_hush_start
43e0d40c T bootdelay_process
43e0d4d0 T autoboot_command
43e0d5c4 t log_init
43e0d5cc t log_init
43e0d5d4 t display_text_info
43e0d5dc t setup_mon_len
43e0d5fc t reserve_round_4k
43e0d614 W reserve_mmu
43e0d64c t reserve_uboot
43e0d67c t reserve_malloc
43e0d694 t setup_machine
43e0d6a8 t reserve_global_data
43e0d6c4 t reserve_fdt
43e0d710 t setup_reloc
43e0d750 t reloc_fdt
43e0d794 t reserve_board
43e0d7d4 t announce_dram_init
43e0d7ec t init_baud_rate
43e0d818 t initf_dm
43e0d820 t initf_bootstage
43e0d834 W arch_cpu_init_dm
43e0d83c W mach_cpu_init
43e0d844 t reserve_video
43e0d84c t reserve_trace
43e0d854 t reserve_bootstage
43e0d85c t display_new_sp
43e0d864 t reloc_bootstage
43e0d86c t initf_console_record
43e0d874 W reserve_arch
43e0d87c W coloured_LED_init
43e0d880 W red_led_on
43e0d884 W board_add_ram_info
43e0d888 t show_dram_config
43e0d8e0 W board_get_usable_ram_top
43e0d8f4 t setup_dest_addr
43e0d93c t reserve_stacks
43e0d958 T board_init_f
43e0d980 t initr_trace
43e0d988 t initr_reloc
43e0d9a0 t run_main_loop
43e0d9ac t initr_enable_interrupts
43e0d9bc t initr_jumptable
43e0d9cc t initr_env
43e0da30 t initr_mmc
43e0da50 t initr_serial
43e0da60 t initr_dm
43e0da74 t initr_bootstage
43e0da88 t initr_malloc
43e0daac t initr_reloc_global_data
43e0dae4 t initr_caches
43e0daf4 t bootstage_relocate
43e0dafc t initr_barrier
43e0db04 t initr_console_record
43e0db0c W power_init_board
43e0db14 t initr_announce
43e0db1c W cpu_secondary_init_r
43e0db20 t initr_secondary_cpu
43e0db30 T board_init_r
43e0db50 W show_board_info
43e0db88 T bootm_find_images
43e0dc30 T bootm_decomp_image
43e0dd68 T bootm_disable_interrupts
43e0dd6c T do_bootm_states
43e0e470 t copy_args
43e0e4bc t do_bootm_rtems
43e0e4fc t do_bootm_plan9
43e0e5a0 t do_bootm_standalone
43e0e604 t do_bootm_qnxelf
43e0e67c t do_bootm_netbsd
43e0e774 T do_bootvx_fdt
43e0e888 t do_bootm_vxworks
43e0e8ac W arch_preboot_os
43e0e8b0 T boot_selected_os
43e0e908 T bootm_os_get_boot_func
43e0e918 t of_bus_default_map
43e0e9d0 t of_bus_default_translate
43e0ea6c T fdt_support_default_count_cells
43e0eac4 T fdt_find_and_setprop
43e0eb34 T fdt_find_or_add_subnode
43e0eb94 T fdt_root
43e0ec24 T fdt_initrd
43e0edf4 T fdt_chosen
43e0ee9c T do_fixup_by_path
43e0eef0 T fdt_fixup_memory_banks
43e0f0c8 T fdt_fixup_memory
43e0f0e8 T fdt_fixup_ethernet
43e0f2a0 T fdt_shrink_to_minimum
43e0f374 T fdt_translate_address
43e0f5f4 T miiphy_get_dev_by_name
43e0f64c T miiphy_set_current_dev
43e0f68c t miiphy_get_active_dev
43e0f6e0 T miiphy_get_current_dev
43e0f6f8 T miiphy_read
43e0f744 T miiphy_write
43e0f784 T miiphy_listdev
43e0f7fc T miiphy_info
43e0f884 T miiphy_speed
43e0f948 T miiphy_duplex
43e0fa04 T miiphy_is_1000base_x
43e0fa0c t delete_char.part.0
43e0fadc t cread_add_char
43e0fbc0 T cli_readline_into_buffer
43e105c4 T cli_readline
43e105d8 T bounce_buffer_start
43e10660 T bounce_buffer_stop
43e106b4 t console_setfile
43e1076c T serial_printf
43e107bc T fgetc
43e107e0 T getc
43e10804 T ftstc
43e10828 T tstc
43e1084c T fputc
43e10868 T putc
43e108ac T fputs
43e108c8 T puts
43e10920 T ctrlc
43e10978 T disable_ctrlc
43e10990 T had_ctrlc
43e109a0 T clear_ctrlc
43e109b4 T search_device
43e109dc T console_assign
43e10a1c t on_console
43e10ad4 T console_init_f
43e10ae4 T console_init_r
43e10c5c T sbrk
43e10cc8 T mem_malloc_init
43e10cfc t malloc_trim
43e10dcc t free
43e1100c t malloc
43e11620 t calloc
43e11760 t realloc
43e11b74 t memalign
43e11ce4 T initf_malloc
43e11cfc T malloc_simple
43e11d2c t on_loadaddr
43e11d6c T image_check_hcrc
43e11db8 T image_check_dcrc
43e11df0 T image_multi_count
43e11e0c T image_multi_getimg
43e11e8c T env_get_bootm_low
43e11ebc T env_get_bootm_size
43e11f24 T env_get_bootm_mapsize
43e11f54 T memmove_wd
43e11f60 T genimg_print_size
43e11f90 T get_table_entry
43e11fb4 T get_table_entry_name
43e11fd4 T genimg_get_os_name
43e11fec T genimg_get_arch_name
43e12004 T genimg_get_type_name
43e1201c T genimg_get_comp_name
43e12034 T image_print_contents
43e121e4 T genimg_get_kernel_addr_fit
43e12208 T genimg_get_format
43e1223c T genimg_has_config
43e12244 T boot_get_ramdisk
43e124c0 T boot_ramdisk_high
43e125f0 T boot_get_setup
43e125f8 T image_setup_linux
43e1265c t fdt_error
43e12688 T boot_fdt_add_mem_rsv_regions
43e12714 T boot_relocate_fdt
43e128a8 T boot_get_fdt
43e12b30 W ft_verify_fdt
43e12b38 T image_setup_libfdt
43e12c48 T get_ram_size
43e12d28 W get_effective_memsize
43e12d30 t stdio_serial_tstc
43e12d34 t stdio_serial_getc
43e12d38 t stdio_serial_puts
43e12d40 t stdio_serial_putc
43e12d48 T stdio_get_list
43e12d54 T stdio_get_by_name
43e12da0 T stdio_clone
43e12dd8 T stdio_register_dev
43e12e28 T stdio_register
43e12e30 T stdio_init_tables
43e12e4c T stdio_add_devices
43e12f28 T run_command
43e12f38 T run_command_list
43e12fb4 T do_run
43e13028 T cli_process_fdt
43e13068 T cli_secure_boot_cmd
43e130e0 T cli_loop
43e130ec T cli_init
43e130f0 T run_usb_dnl_gadget
43e1320c T find_cmd_tbl
43e132b0 T find_cmd
43e132d8 T cmd_usage
43e13334 T _do_help
43e134b8 T var_complete
43e13540 T cmd_auto_complete
43e13a00 T cmd_get_data_size
43e13a50 T cmd_process
43e13b3c T cmd_process_error
43e13b6c t hex1_bin
43e13bac t hex2_bin
43e13be4 T srec_decode
43e13e28 t CYGACC_COMM_IF_GETC_TIMEOUT.isra.0
43e13e74 t xyzModem_flush
43e13e90 t xyzModem_get_hdr
43e140ac T xyzModem_stream_open
43e142c0 T xyzModem_stream_read
43e1451c T xyzModem_stream_close
43e14570 T xyzModem_stream_terminate
43e14604 T xyzModem_error
43e14620 T blk_get_dev
43e14650 T dev_print
43e14870 T part_init
43e148c0 T part_print
43e149fc T part_get_info
43e14a68 T part_get_info_whole_disk
43e14ab8 T blk_get_device_by_str
43e14c04 T blk_get_device_part_str
43e14fcc T part_set_generic_name
43e15018 t test_block_type
43e1509c t print_partition_extended
43e15308 T part_print_dos
43e1533c t part_test_dos
43e153b8 t part_get_info_extended
43e15674 T part_get_info_dos
43e15698 T iso_dread
43e156c8 T part_get_info_iso_verb
43e15a5c t part_test_iso
43e15a7c t part_print_iso
43e15b14 t part_get_info_iso
43e15b1c t print_efiname
43e15ba4 t part_test_efi
43e15c6c t validate_gpt_entries
43e15d08 t validate_gpt_header
43e15f30 t is_gpt_valid
43e161d0 t is_pte_valid
43e16228 T part_print_efi
43e164ac T part_get_info_efi
43e1669c T get_disk_guid
43e16778 T write_gpt_table
43e16bf4 T gpt_fill_pte
43e16f28 T gpt_fill_header
43e17158 T gpt_restore
43e1727c T gpt_verify_headers
43e172f8 T gpt_verify_partitions
43e17518 t device_bind_common.isra.0
43e1785c t alloc_priv
43e178b0 T device_bind_with_driver_data
43e178d4 T device_bind
43e178fc T device_bind_by_name
43e17968 T device_probe
43e17b88 T dev_get_platdata
43e17bb8 T dev_get_parent_platdata
43e17be8 T dev_get_uclass_platdata
43e17c18 T dev_get_priv
43e17c48 T dev_get_uclass_priv
43e17c78 T dev_get_parent_priv
43e17ca8 T device_find_first_child
43e17cc4 T dev_get_parent
43e17ccc T device_get_uclass_id
43e17cdc T device_set_name_alloced
43e17cec T devfdt_get_addr_index
43e17d94 T devfdt_get_addr
43e17d9c T lists_driver_lookup_name
43e17de4 T lists_uclass_lookup
43e17e1c T lists_bind_drivers
43e17ea8 T device_bind_driver_to_node
43e17ef0 T device_bind_driver
43e17f08 T lists_bind_fdt
43e18078 t dm_scan_fdt_node
43e18130 T dm_root
43e1815c T dm_get_translation_offset
43e18170 T dm_init
43e181d0 T dm_remove_devices_flags
43e181ec T dm_scan_platdata
43e18218 T dm_scan_fdt_dev
43e18240 T dm_scan_fdt
43e18258 T dm_extended_scan_fdt
43e182a0 W dm_scan_other
43e182a8 T dm_init_and_scan
43e182f0 T uclass_find
43e1833c T uclass_get
43e18450 T uclass_find_device
43e184c4 T uclass_find_first_device
43e18500 T uclass_find_next_device
43e1852c T uclass_find_device_by_seq
43e185a8 T uclass_find_device_by_of_offset
43e18610 T uclass_find_device_by_ofnode
43e1867c T uclass_get_device_tail
43e186ac T uclass_get_device
43e186dc T uclass_get_device_by_seq
43e18730 T uclass_get_device_by_of_offset
43e18760 T uclass_get_device_by_ofnode
43e18790 T uclass_first_device
43e187c8 T uclass_next_device
43e18808 T uclass_first_device_check
43e1883c T uclass_next_device_check
43e18868 T uclass_bind_device
43e188e0 T uclass_unbind_device
43e18928 T uclass_resolve_seq
43e189dc T uclass_pre_probe_device
43e18a3c T uclass_post_probe_device
43e18a5c T uclass_pre_remove_device
43e18a7c T dm_warn
43e18aa4 T dm_fdt_pre_reloc
43e18b0c T device_free
43e18b9c T device_remove
43e18d04 t simple_bus_post_bind
43e18d5c t show_devices
43e18e48 T dm_dump_all
43e18e84 T dm_dump_uclass
43e18f70 T ofnode_read_u32
43e18fc4 T ofnode_read_u32_default
43e18fe4 T ofnode_read_u32_array
43e1900c T ofnode_get_name
43e19020 T ofnode_parse_phandle_with_args
43e19088 T ofnode_path
43e190a0 T ofnode_get_property
43e190b8 T ofnode_read_bool
43e190d0 T blk_get_devnum_by_typename
43e191b8 T blk_select_hwpart
43e191e8 T blk_dselect_hwpart
43e191f0 T blk_find_device
43e19270 T blk_get_device
43e19290 T blk_get_devnum_by_type
43e192b8 T blk_select_hwpart_devnum
43e192e4 T blk_dread
43e19314 T blk_dwrite
43e19344 T blk_derase
43e19368 T blk_get_from_parent
43e193b4 T blk_find_max_devnum
43e1942c T blk_create_device
43e19588 T blk_create_devicef
43e19628 t mmc_send_ext_csd
43e19670 t mmc_send_op_cond_iter
43e196e8 t mmc_go_idle
43e19734 t mmc_set_capacity
43e197e4 T mmc_send_status
43e198b0 T mmc_set_blocklen
43e198f0 T mmc_bread
43e19a5c T mmc_switch
43e19ac4 T mmc_switch_part
43e19b28 T mmc_hwpart_config
43e19f48 T mmc_set_clock
43e19f6c t mmc_startup
43e1acf0 T mmc_start_init
43e1af10 T mmc_init
43e1b044 T mmc_set_dsr
43e1b050 T mmc_initialize
43e1b120 t mmc_blk_probe
43e1b138 T dm_mmc_set_ios
43e1b158 T mmc_set_ios
43e1b160 T dm_mmc_get_wp
43e1b180 T mmc_getwp
43e1b188 T dm_mmc_get_cd
43e1b1a8 T mmc_getcd
43e1b1b0 T mmc_get_mmc_dev
43e1b1d4 T dm_mmc_send_cmd
43e1b218 T mmc_send_cmd
43e1b220 t mmc_select_hwpart
43e1b278 T find_mmc_device
43e1b2c4 T get_mmc_num
43e1b2dc T mmc_get_blk_desc
43e1b304 T mmc_do_preinit
43e1b36c T print_mmc_devices
43e1b454 T mmc_bind
43e1b518 T mmc_berase
43e1b6d4 T mmc_bwrite
43e1b860 t dwmci_wait_reset.isra.0
43e1b89c t dwmci_send_cmd
43e1bd94 t dwmci_setup_bus.part.2
43e1be90 t dwmci_set_ios
43e1bf24 T dwmci_probe
43e1c03c T dwmci_setup_cfg
43e1c094 T dwmci_bind
43e1c098 t exynos_dwmci_clksel
43e1c0b0 t exynos_dwmci_board_init
43e1c108 T exynos_dwmci_get_clk
43e1c140 t exynos_dwmci_get_config
43e1c300 t do_dwmci_init
43e1c3b4 t exynos_dwmmc_probe
43e1c440 t exynos_dwmmc_bind
43e1c460 t sdhci_reset.isra.3
43e1c4c4 t sdhci_send_command
43e1ca68 t sdhci_set_ios
43e1cd20 T sdhci_probe
43e1ceb4 T sdhci_setup_cfg
43e1d058 T sdhci_bind
43e1d05c t s5p_sdhci_set_control_reg
43e1d0bc t s5p_set_clock
43e1d0c4 t sdhci_get_config
43e1d180 t s5p_sdhci_bind
43e1d1a0 t do_sdhci_init
43e1d290 t s5p_sdhci_probe
43e1d320 t dfu_write_buffer_drain
43e1d3c8 T dfu_free_buf
43e1d3e8 T dfu_get_buf_size
43e1d3f8 T dfu_get_buf
43e1d4a8 T dfu_transaction_cleanup
43e1d4f4 T dfu_transaction_initiate
43e1d578 T dfu_flush
43e1d5dc T dfu_write
43e1d6dc T dfu_read
43e1d8a8 T dfu_free_entities
43e1d940 T dfu_config_entities
43e1db88 T dfu_init_env_entities
43e1dbf8 T dfu_get_dev_type
43e1dc34 T dfu_get_layout
43e1dc70 T dfu_show_entities
43e1dce8 T dfu_get_alt_number
43e1dcf8 T dfu_get_entity
43e1dd38 T dfu_get_alt
43e1dde0 t mmc_block_op
43e1df88 t mmc_file_op
43e1e150 T dfu_free_entity_mmc
43e1e178 T dfu_write_medium_mmc
43e1e240 T dfu_flush_medium_mmc
43e1e28c T dfu_get_medium_size_mmc
43e1e334 T dfu_read_medium_mmc
43e1e418 T dfu_fill_entity_mmc
43e1e6d8 t keyboard_start
43e1e6fc t keyboard_stop
43e1e720 t keyboard_pre_probe
43e1e78c t keyboard_tstc
43e1e7dc t keyboard_getc
43e1e82c T input_tstc
43e1e870 T input_getc
43e1e8cc T input_init
43e1e8f0 t gpio_to_device
43e1e970 t check_reserved
43e1e9e4 t gpio_renumber
43e1ea68 t gpio_pre_remove
43e1eab4 t gpio_post_probe
43e1eaec T gpio_xlate_offs_flags
43e1eb2c T dm_gpio_request
43e1ebc4 t dm_gpio_requestf
43e1ec08 T gpio_request
43e1ec34 T dm_gpio_get_value
43e1ec7c T dm_gpio_set_value
43e1ecd0 T dm_gpio_set_dir_flags
43e1ed5c t gpio_request_tail
43e1ee44 T gpio_set_value
43e1ee70 T gpio_request_by_name_nodev
43e1eed4 t s5p_gpio_get_bank
43e1efa0 t s5p_gpio_cfg_pin
43e1efc4 t exynos_gpio_get_function
43e1f000 t exynos_gpio_get_value
43e1f02c t exynos_gpio_direction_output
43e1f07c t exynos_gpio_direction_input
43e1f0a0 t gpio_exynos_probe
43e1f0dc t gpio_exynos_bind
43e1f1d0 t exynos_gpio_set_value
43e1f210 T gpio_set_pull
43e1f258 T gpio_set_drv
43e1f298 T gpio_cfg_pin
43e1f2b8 T dm_i2c_set_bus_speed
43e1f304 t i2c_post_probe
43e1f340 T i2c_chip_ofdata_to_platdata
43e1f394 t i2c_child_post_bind
43e1f3c4 t spi_flash_post_bind
43e1f3cc t _serial_putc
43e1f40c t __serial_getc
43e1f438 t __serial_tstc
43e1f45c t serial_stub_putc
43e1f464 t serial_stub_getc
43e1f46c t serial_stub_tstc
43e1f474 t serial_pre_remove
43e1f47c t serial_post_probe
43e1f53c t serial_stub_puts
43e1f560 T serial_init
43e1f6bc T serial_initialize
43e1f6c0 T serial_putc
43e1f6d8 T serial_puts
43e1f708 T serial_getc
43e1f71c T serial_tstc
43e1f730 T serial_setbrg
43e1f760 t on_baudrate
43e1f854 T serial_stdio_init
43e1f858 t s5p_serial_getc
43e1f890 t s5p_serial_putc
43e1f8c4 t s5p_serial_pending
43e1f8e4 T s5p_serial_setbrg
43e1f928 t s5p_serial_ofdata_to_platdata
43e1f970 t s5p_serial_probe
43e1f9a8 T printch
43e1f9f8 t spi_child_pre_probe
43e1fa34 t spi_post_probe
43e1fa64 T spi_slave_ofdata_to_platdata
43e1fbb8 t spi_child_post_bind
43e1fbe8 T usb_ep_autoconfig
43e1fdd0 T usb_ep_autoconfig_reset
43e1fe08 T usb_descriptor_fillbuf
43e1fe6c T usb_gadget_get_string
43e1fff8 t dwc2_udc_pre_setup
43e20048 t udc_set_address
43e200bc t dwc2_udc_ep_clear_stall
43e20108 t dwc2_udc_ep_activate
43e201b8 t udc_reinit
43e20228 t set_max_pktsize
43e202b0 t done
43e20300 t nuke
43e20330 t setdma_tx
43e20440 t write_fifo_ep0
43e20498 t setdma_rx
43e20568 t complete_rx
43e206f0 t dwc2_udc_ep_set_stall.isra.1
43e2074c t reconfig_usbd.isra.2
43e20964 T dfu_usb_get_reset
43e20984 T otg_phy_init
43e20a60 T otg_phy_off
43e20afc T usb_gadget_register_driver
43e20ba0 T usb_gadget_unregister_driver
43e20c70 T usb_gadget_handle_interrupts
43e2163c t count_configs
43e216ac t collect_langs
43e216f8 t composite_setup_complete
43e216fc t composite_suspend
43e2177c t composite_resume
43e217f8 t g_dnl_unbind
43e21828 t lookup_string
43e21874 t composite_unbind
43e219a0 t composite_bind
43e21abc t g_dnl_do_config
43e21b08 t reset_config.isra.0
43e21b60 t composite_disconnect
43e21ba0 t composite_setup
43e22400 T usb_add_function
43e224c8 T usb_interface_id
43e224f0 T usb_add_config
43e225b4 T usb_string_id
43e225d4 T usb_composite_register
43e22650 T usb_composite_unregister
43e22680 T g_dnl_set_serialnumber
43e226b4 t on_serialno
43e226c8 W g_dnl_get_board_bcd_device_number
43e226cc t g_dnl_bind
43e22814 W g_dnl_board_usb_cable_connected
43e2281c T g_dnl_detach
43e2282c T g_dnl_trigger_detach
43e22840 T g_dnl_clear_detach
43e22854 T g_dnl_register
43e22894 T g_dnl_unregister
43e228a0 t thor_setup_complete
43e228a4 t thor_rx_tx_complete
43e2290c t thor_func_setup
43e229ac t thor_rx_data
43e22a6c t thor_tx_data
43e22b24 t send_rsp
43e22b50 T thor_add
43e22be8 t thor_func_disable
43e22cb8 t thor_unbind
43e22ce8 t thor_func_bind
43e22ea8 t send_data_rsp.constprop.2
43e22eec t thor_start_ep
43e22f68 t thor_func_set_alt
43e23078 t process_data
43e23620 T thor_init
43e23710 T thor_handle
43e23774 t dfu_set_alt
43e23790 t __dfu_get_alt
43e23798 t dfu_disable
43e237ac T dfu_add
43e23894 t dfu_handle
43e2396c t dnload_request_flush
43e2398c t dnload_request_complete
43e239c4 t dfu_unbind
43e23a50 t dfu_bind
43e23c78 t handle_upload.isra.9
43e23c9c t handle_getstatus
43e23dc8 t state_dfu_error
43e23e28 t state_dfu_manifest_sync
43e23e98 t state_dfu_dnload_idle
43e23f58 t state_dfu_dnbusy
43e23f7c t state_dfu_dnload_sync
43e23fc0 t state_app_detach
43e24004 t state_app_idle
43e24070 t state_dfu_upload_idle
43e24118 t state_dfu_manifest
43e2418c t state_dfu_idle
43e24278 t raise_exception
43e24298 t ep0_queue
43e242c4 t bulk_in_complete
43e24308 t bulk_out_complete
43e2434c t fsg_set_alt
43e2436c t fsg_disable
43e24380 t fsg_setup
43e24478 t fsg_unbind
43e244bc t store_cdrom_address
43e24540 t fsg_set_halt.isra.7
43e24550 t start_transfer.isra.9
43e24590 t halt_bulk_in_endpoint.isra.14
43e245c8 t sleep_thread.isra.17
43e246cc t do_read
43e248f0 t do_write
43e24c2c t send_status
43e24d34 t check_command.isra.18
43e24eb0 t do_mode_sense.isra.20
43e25030 T fsg_add
43e2531c t do_set_interface
43e25568 T fsg_main_thread
43e267fc T usb_copy_descriptors
43e26884 t fsg_bind
43e26978 T fsg_init
43e26998 T env_get_yesno
43e269d4 T env_get_default
43e26a04 T set_default_env
43e26ab8 T set_default_vars
43e26aec T env_import
43e26bb0 T env_export
43e26c38 T env_relocate
43e26c64 T env_complete
43e26d40 T env_driver_lookup_default
43e26d74 T env_get_char
43e26dc8 T env_load
43e26df4 T env_save
43e26e28 T env_init
43e26e78 T env_attr_walk
43e26f98 T env_attr_lookup
43e27128 t clear_callback
43e27138 t find_env_callback
43e27194 t on_callbacks
43e271e4 t set_callback
43e27280 T env_callback_init
43e27344 t clear_flags
43e27354 t on_flags
43e273a4 T env_flags_parse_vartype
43e273f4 T env_flags_parse_varaccess
43e27444 t set_flags
43e274f4 T env_flags_init
43e275cc T env_flags_validate
43e277e4 W mmc_get_env_addr
43e278d0 W mmc_get_env_dev
43e278d8 t env_mmc_save
43e27a04 t env_mmc_load
43e27afc t fs_probe_unsupported
43e27b14 t fs_ls_unsupported
43e27b1c t fs_exists_unsupported
43e27b24 t fs_size_unsupported
43e27b2c t fs_read_unsupported
43e27b34 t fs_close_unsupported
43e27b38 t fs_opendir_unsupported
43e27b40 t fs_get_info
43e27b74 t fs_close
43e27b9c t fs_write_unsupported
43e27ba4 t fs_uuid_unsupported
43e27bac T fs_set_blk_dev
43e27c78 T fs_set_blk_dev_with_part
43e27d0c T fs_ls
43e27d48 T fs_exists
43e27d7c T fs_size
43e27db8 T fs_read
43e27e58 T fs_write
43e27ee8 T fs_opendir
43e27f64 T fs_readdir
43e27fc0 T fs_closedir
43e27ff8 t fs_ls_generic
43e280a4 T do_size
43e28104 T do_load
43e28348 T do_ls
43e283b0 T file_exists
43e283dc T do_save
43e28554 T do_fs_type
43e285c4 T get_fs
43e285d0 T ext4fs_free_node
43e285f0 T ext4fs_read_file
43e2899c T ext4fs_ls
43e28a24 T ext4fs_exists
43e28a40 T ext4fs_size
43e28a44 T ext4fs_read
43e28aa0 T ext4fs_probe
43e28ad0 T ext4_read_file
43e28b40 T ext4fs_uuid
43e28b78 T ext4fs_get_group_descriptor
43e28b88 T ext4fs_sb_get_free_blocks
43e28bac T ext4fs_sb_set_free_blocks
43e28bbc T ext4fs_bg_get_free_blocks
43e28bd8 T ext4fs_bg_get_block_id
43e28c04 T ext4fs_bg_get_inode_id
43e28c30 T ext4fs_bg_get_inode_table_id
43e28c5c T ext4fs_div_roundup
43e28c7c T put_ext4
43e28e14 T ext4fs_set_block_bmap
43e28ebc T ext4fs_reset_block_bmap
43e28f50 T ext4fs_set_inode_bmap
43e28fc0 T ext4fs_reset_inode_bmap
43e2902c T ext4fs_checksum_update
43e290b8 T ext4fs_get_new_blk_no
43e294b8 T ext4fs_get_new_inode_no
43e298c0 T ext4fs_allocate_blocks
43e29f38 T ext4fs_read_inode
43e2a06c T ext4fs_iget
43e2a098 T read_allocated_block
43e2a950 T ext4fs_update_parent_dentry
43e2acb8 t search_dir
43e2ae04 T ext4fs_get_parent_inode_num
43e2b224 T ext4fs_filename_unlink
43e2b3ec T ext4fs_reinit_global
43e2b4a8 T ext4fs_close
43e2b504 T ext4fs_iterate_dir
43e2b7c0 t ext4fs_find_file1
43e2ba7c T ext4fs_find_file
43e2baf4 T ext4fs_open
43e2bba0 T ext4fs_mount
43e2bc80 T ext4fs_set_blk_dev
43e2bcec T ext4fs_devread
43e2bd2c T ext4_read_superblock
43e2bd64 t ext4fs_update
43e2be7c T ext4fs_get_bgdtable
43e2bf3c T ext4fs_deinit
43e2c0c4 T ext4fs_init
43e2c3a4 T ext4fs_write
43e2d55c T ext4_write_file
43e2d5bc T ext4fs_dump_metadata
43e2d610 T ext4fs_free_journal
43e2d6f8 T ext4fs_log_gdt
43e2d7c0 T ext4fs_log_journal
43e2d8a8 T ext4fs_put_metadata
43e2d974 T ext4fs_push_revoke_blk
43e2da4c T ext4fs_free_revoke_blks
43e2dabc T check_blknr_for_revoke
43e2db38 T recover_transaction
43e2dca4 T print_jrnl_status
43e2dcbc T ext4fs_check_journal_state
43e2dfa8 T ext4fs_init_journal
43e2e1e8 T ext4fs_update_journal
43e2e508 T ext2fs_crc16
43e2e53c t downcase
43e2e574 t mkcksum
43e2e5c4 t disk_read
43e2e624 t get_name
43e2e704 t get_cluster
43e2e880 t read_bootsectandvi
43e2e9a4 t fat_itr_root
43e2eaf8 t disk_write
43e2eb8c t flush_dirty_fat_buffer
43e2ec34 t get_fatent
43e2edb8 t next_dent
43e2eee8 t find_empty_cluster
43e2ef14 t set_fatent_value
43e2f0d0 t set_cluster
43e2f24c t set_name
43e2f38c t check_overflow
43e2f408 t slot2str
43e2f4cc t fat_itr_next
43e2f600 t fat_itr_resolve
43e2f778 t flush_dir_table.constprop.8
43e2f84c t do_fat_write
43e30454 T fat_set_blk_dev
43e30520 T file_fat_detectfs
43e30668 T fat_exists
43e306d4 T fat_size
43e3078c T file_fat_read_at
43e30ba0 T fat_read_file
43e30be8 T fat_opendir
43e30c68 T fat_readdir
43e30cdc T fat_closedir
43e30cf8 T fat_close
43e30cfc T file_fat_write
43e30d58 T fs_devread
43e30f74 T efi_load_pe
43e31290 t indent_string
43e312c0 T __efi_entry_check
43e312f8 T __efi_exit_check
43e31324 t efi_set_mem
43e3134c t efi_copy_mem
43e31370 t efi_calculate_crc32
43e313a0 t efi_close_protocol
43e313b4 t efi_disconnect_controller
43e313c8 t efi_connect_controller
43e313dc t efi_set_watchdog_timer
43e31400 t efi_stall
43e31420 t efi_get_next_monotonic_count
43e31460 t efi_register_protocol_notify
43e31474 t efi_reinstall_protocol_interface
43e31488 t efi_close_event
43e314f0 t efi_free_pool_ext
43e31514 t efi_allocate_pool_ext
43e31540 t efi_get_memory_map_ext
43e31580 t efi_free_pages_ext
43e315b4 t efi_allocate_pages_ext
43e315e8 t efi_restore_tpl
43e31614 t efi_raise_tpl
43e31648 t efi_open_protocol_information
43e3165c T efi_save_gd
43e3166c T efi_restore_gd
43e31684 t efi_exit
43e316b4 T __efi_nesting_inc
43e316cc T __efi_nesting_dec
43e316e4 t efi_start_image
43e31758 T efi_signal_event
43e317b0 t efi_exit_boot_services
43e3182c t efi_signal_event_ext
43e31898 T efi_add_handle
43e318d0 T efi_create_handle
43e31910 T efi_create_event
43e319a8 t efi_create_event_ext
43e319e8 T efi_timer_check
43e31aa0 t efi_check_event
43e31b3c t efi_wait_for_event
43e31c40 T efi_set_timer
43e31d40 t efi_set_timer_ext
43e31d74 T efi_search_obj
43e31dac T efi_search_protocol
43e31e28 T efi_remove_protocol
43e31e88 t efi_locate_protocol
43e31f18 t efi_open_protocol
43e31fec t efi_handle_protocol
43e3200c t efi_uninstall_protocol_interface
43e3207c t efi_locate_handle
43e321a4 t efi_locate_handle_buffer
43e32264 t efi_locate_device_path
43e323a8 t efi_locate_handle_ext
43e323e8 T efi_remove_all_protocols
43e3243c T efi_delete_handle
43e32474 t efi_protocols_per_handle
43e32554 t efi_unload_image
43e32594 T efi_add_protocol
43e3260c t efi_install_protocol_interface
43e32688 t efi_uninstall_multiple_protocol_interfaces
43e32760 t efi_install_multiple_protocol_interfaces
43e32838 T efi_install_configuration_table
43e32924 t efi_install_configuration_table_ext
43e32948 T efi_setup_loaded_image
43e32a10 T efi_load_image_from_path
43e32b34 t efi_load_image
43e32c1c t efi_get_time_boottime
43e32c24 t efi_reset_system_boottime
43e32c50 W efi_reset_system_init
43e32c54 W efi_get_time_init
43e32c58 T efi_runtime_relocate
43e32d70 t efi_set_virtual_address_map
43e32ed8 t efi_key_notify
43e32edc t efi_cin_lock_std_in
43e32ef0 t efi_cin_set_mode
43e32f04 t efi_cin_get_mode
43e32f48 t efi_cout_test_string
43e32f5c t efi_cout_reset
43e32f70 t efi_cin_reset
43e32f84 t efi_cout_enable_cursor
43e32fb4 t efi_cout_set_cursor_position
43e32ff4 t efi_cout_clear_screen
43e33014 t efi_cout_set_attribute
43e33070 t efi_cout_output_string
43e33194 t efi_console_timer_notify
43e331c8 t efi_cout_set_mode
43e33210 t efi_cin_read_key_stroke
43e33338 t efi_cout_query_mode
43e33564 T efi_console_register
43e336b4 t efi_mem_cmp
43e336e4 t efi_find_free_memory
43e337c4 T efi_add_memory_map
43e33ad4 T efi_allocate_pages
43e33b7c T efi_alloc
43e33bcc T efi_free_pages
43e33c04 T efi_allocate_pool
43e33c5c T efi_free_pool
43e33c7c T efi_get_memory_map
43e33d3c W efi_add_known_memory
43e33db4 T efi_memory_init
43e33e3c t efi_str_to_u16
43e33e9c t efi_convert_single_device_node_to_text
43e342b4 t efi_convert_device_path_to_text
43e34334 t efi_convert_device_node_to_text
43e34374 t dp_size
43e343e0 t dp_alloc
43e34408 t dp_fill
43e34574 t dp_part_fill
43e34770 T efi_dp_next
43e347ac T efi_dp_match
43e3481c T efi_dp_size
43e34858 t find_obj
43e3495c T efi_dp_find_obj
43e349a8 T efi_dp_dup
43e349e4 T efi_dp_from_part
43e34a44 T efi_dp_from_file
43e34b18 T efi_dp_from_mem
43e34c04 T efi_dp_split_file_path
43e34c68 t efi_file_flush
43e34c7c t efi_file_setinfo
43e34c90 t efi_file_getpos
43e34cb4 t efi_file_delete
43e34cdc t set_blk_dev.isra.0
43e34ce4 t efi_file_getinfo
43e34df8 t efi_file_setpos
43e34e90 t efi_file_write
43e34f20 t efi_file_read
43e350b4 t file_open
43e35338 t efi_open_volume
43e35374 t efi_file_open
43e353c8 t efi_file_close
43e353f0 T efi_file_from_path
43e35514 T efi_simple_file_system
43e35558 t efi_to_native
43e355b8 t prefix
43e355f0 t hex
43e35630 t parse_attr.part.1
43e356d4 T efi_get_variable
43e358f8 T efi_get_next_variable
43e3590c T efi_set_variable
43e35b30 t get_var.constprop.0
43e35be4 T efi_bootmgr_load
43e35d68 t efi_watchdog_timer_notify
43e35dac T efi_set_watchdog
43e35de0 T efi_watchdog_register
43e35e5c t efi_disk_flush_blocks
43e35e70 t efi_disk_reset
43e35e84 t efi_disk_add_dev.isra.0.part.1
43e35fdc t efi_disk_read_blocks
43e3604c t efi_disk_write_blocks
43e360bc T efi_fs_from_path
43e360d4 T efi_disk_register
43e36200 T efi_smbios_register
43e3624c T utf16_strlen
43e36268 T utf16_strnlen
43e3628c T utf16_to_utf8
43e363a4 T utf8_to_utf16
43e364a8 T crc16_ccitt
43e364e0 t smbios_write_type127
43e36534 t smbios_write_type32
43e36588 t smbios_string_table_len
43e365c0 t smbios_add_string
43e36628 t smbios_write_type3
43e366b4 t smbios_write_type2
43e36750 t smbios_write_type0
43e36844 t smbios_write_type1
43e36908 t smbios_write_type4
43e369e0 T write_smbios_table
43e36b00 T initcall_run_list
43e36b5c t lmb_add_region
43e36cec T lmb_init
43e36d10 T lmb_add
43e36d14 T lmb_free
43e36dfc T lmb_reserve
43e36e04 T __lmb_alloc_base
43e36f28 T lmb_alloc_base
43e36f5c T lmb_alloc
43e36f64 W board_lmb_reserve
43e36f68 T string_to_ip
43e36ff8 T qsort
43e370e4 T strcmp_compar
43e370f0 t merge
43e37158 T list_sort
43e372ec T zcalloc
43e372f4 T zcfree
43e372fc T inflate_fast
43e37870 T inflate_table
43e37d8c T inflateReset
43e37e04 T inflateInit2_
43e37f04 T inflateEnd
43e37f68 T adler32
43e382a8 T inflate
43e3976c T gzalloc
43e3977c T gzfree
43e39784 T gzip_parse_header
43e39824 T zunzip
43e39940 T gunzip
43e39990 T fdt_check_header
43e39a04 T fdt_offset_ptr
43e39a70 T fdt_next_tag
43e39b6c T _fdt_check_node_offset
43e39ba8 T _fdt_check_prop_offset
43e39be4 T fdt_next_node
43e39ca0 T fdt_first_subnode
43e39cd4 T fdt_next_subnode
43e39d24 T _fdt_find_string
43e39d7c T fdt_move
43e39dc0 T _fdt_node_end_offset
43e39e04 T fdt_strerror
43e39e5c T fdt_address_cells
43e39ea8 T fdt_size_cells
43e39ef0 t fdt_path_next_separator
43e39f40 t _nextprop
43e39f94 T fdt_string
43e39fa8 T fdt_get_mem_rsv
43e3a008 T fdt_num_mem_rsv
43e3a048 T fdt_subnode_offset_namelen
43e3a118 T fdt_subnode_offset
43e3a148 T fdt_get_name
43e3a1bc T fdt_first_property_offset
43e3a1dc T fdt_next_property_offset
43e3a1fc T fdt_get_property_by_offset
43e3a24c T fdt_get_property_namelen
43e3a308 T fdt_get_property
43e3a344 T fdt_getprop_namelen
43e3a364 T fdt_getprop_by_offset
43e3a3ac T fdt_getprop
43e3a3e8 T fdt_get_phandle
43e3a458 T fdt_get_alias_namelen
43e3a49c T fdt_path_offset_namelen
43e3a580 T fdt_path_offset
43e3a5a8 T fdt_supernode_atdepth_offset
43e3a64c T fdt_node_depth
43e3a674 T fdt_parent_offset
43e3a6a4 T fdt_node_offset_by_phandle
43e3a710 T fdt_stringlist_contains
43e3a78c T fdt_node_check_compatible
43e3a7cc T fdt_node_offset_by_compatible
43e3a840 t _fdt_blocks_misordered
43e3a8a4 t _fdt_splice
43e3a93c t _fdt_splice_mem_rsv
43e3a994 t _fdt_splice_struct
43e3a9e0 t _fdt_packblocks
43e3aa6c t _fdt_find_add_string
43e3ab10 t _fdt_add_property
43e3aba0 t _fdt_rw_check_header
43e3ac00 T fdt_add_mem_rsv
43e3ac88 T fdt_del_mem_rsv
43e3ace0 T fdt_setprop_placeholder
43e3adb0 T fdt_setprop
43e3adf8 T fdt_delprop
43e3ae60 T fdt_add_subnode_namelen
43e3af50 T fdt_add_subnode
43e3af80 T fdt_del_node
43e3afd0 T fdt_open_into
43e3b15c T fdtdec_get_int
43e3b190 t get_prop_check_min_len
43e3b1cc T fdtdec_get_is_enabled
43e3b208 T fdtdec_get_alias_seq
43e3b320 T fdtdec_get_chosen_prop
43e3b354 T fdtdec_get_chosen_node
43e3b37c T fdtdec_prepare_fdt
43e3b3c0 T fdtdec_get_int_array
43e3b420 T fdtdec_get_bool
43e3b43c T fdtdec_parse_phandle_with_args
43e3b59c T fdtdec_get_config_int
43e3b5dc T fdtdec_get_config_string
43e3b618 T fdtdec_get_number
43e3b648 T fdtdec_get_addr_size_fixed
43e3b704 T fdtdec_get_addr_size
43e3b738 T fdtdec_get_addr
43e3b740 T fdtdec_setup
43e3b770 t cmpkey
43e3b784 t _hdelete.isra.0
43e3b7d4 t drop_var_from_set.part.1
43e3b824 t match_string.isra.2
43e3b884 T hcreate_r
43e3b91c T hdestroy_r
43e3b988 T hmatch_r
43e3ba24 T hsearch_r
43e3bea8 T hdelete_r
43e3bf98 T hexport_r
43e3c2b0 T himport_r
43e3c6a4 T hwalk_r
43e3c700 T display_options_get_banner_priv
43e3c798 T display_options_get_banner
43e3c7a8 T display_options
43e3c7e0 T print_freq
43e3c988 T print_size
43e3cad0 T print_buffer
43e3cc7c T crc32_no_comp
43e3cd50 T crc32
43e3cd64 T crc32_wd
43e3cd68 T crc32_wd_buf
43e3cda0 W __div64_32
43e3ce68 T hang
43e3ce84 T skip_spaces
43e3ceac T strim
43e3cf08 T strncasecmp
43e3cf88 T strcpy
43e3cfa0 T strncpy
43e3cfc4 T strcat
43e3cff8 T strncat
43e3d04c T strcmp
43e3d074 T strncmp
43e3d0b0 T strchr
43e3d0e0 T strlen
43e3d104 T strlcpy
43e3d154 T strrchr
43e3d190 T strnlen
43e3d1c0 T strdup
43e3d1f4 T strspn
43e3d230 T strpbrk
43e3d284 T strtok
43e3d2f8 T strsep
43e3d330 T memmove
43e3d370 T memcmp
43e3d3b4 T strstr
43e3d414 T memchr
43e3d444 T udelay
43e3d474 T uuid_str_valid
43e3d500 T uuid_str_to_bin
43e3d694 T uuid_bin_to_str
43e3d744 T gen_rand_uuid
43e3d7bc T gen_rand_uuid_str
43e3d7ec T rand_r
43e3d808 T rand
43e3d818 t put_dec
43e3da5c t number
43e3dd20 t string
43e3ddd8 t vsnprintf_internal
43e3e3c0 T vscnprintf
43e3e3e4 T snprintf
43e3e40c T vsprintf
43e3e41c T sprintf
43e3e444 T printf
43e3e494 T vprintf
43e3e4c8 T simple_itoa
43e3e520 t panic_finish
43e3e550 T panic_str
43e3e55c T panic
43e3e578 t _parse_integer_fixup_radix
43e3e610 T simple_strtoul
43e3e688 T strict_strtoul
43e3e700 T simple_strtol
43e3e724 T ustrtoul
43e3e790 T simple_strtoull
43e3e82c T ustrtoull
43e3e8b0 T trailing_strtoln
43e3e920 T trailing_strtol
43e3e928 t do_dm_dump_devres
43e3e930 t do_dm
43e3e9a4 t do_dm_dump_uclass
43e3e9b4 t do_dm_dump_all
43e3e9c4 T __aeabi_uidiv
43e3e9c4 T __udivsi3
43e3ea60 T __aeabi_idiv
43e3ea60 T __divsi3
43e3eb2c T __aeabi_uidivmod
43e3eb44 T __aeabi_idivmod
43e3eb5c t Ldiv0
43e3eb6c T __div0
43e3eb70 r efi_boot_services
43e3ec38 r efi_file_handle_protocol
43e3ed1c r CSWTCH.32
43e3ed3c r CSWTCH.40
43e3ed5c r boot_os
43e3edbc r color
43e3edfc r crc_table
43e3f1fc r desc_and_len_tbl
43e3f22c r dfu_state
43e3f258 R dm_dwmci_ops
43e3f268 R efi_device_path_to_text
43e3f270 r efi_runtime_detach_list
43e3f2c0 r env_flags_varaccess_mask
43e3f2d0 r ext_csd_bits.10053
43e3f2e4 r ext_to_hostcaps.10054
43e3f300 r exynos_dwmmc_ids
43e3f310 r exynos_gpio_ids
43e3f348 r fbase
43e3f358 r fdt_errtable
43e3f3a0 r generic_simple_bus_ids
43e3f3b8 r gpio_exynos_ops
43e3f3e0 r if_type_uclass_id
43e3f410 r if_typename_str
43e3f440 r init_sequence_f
43e3f4ec r mmc_blk_ops
43e3f4fc R op_adv
43e3f5fc r op_table
43e3f664 r reg_0_5_desc_tbl
43e3f694 r reg_0_desc_tbl
43e3f70c r reg_1_desc_tbl
43e3f7cc r reg_2_desc_tbl
43e3f7d8 r reg_3_desc_tbl
43e3f7fc r reg_4_desc_tbl
43e3f88c r reg_5_desc_tbl
43e3f91c r root_info
43e3f924 r s5p_sdhci_ids
43e3f934 r s5p_sdhci_ops
43e3f944 r s5p_serial_ids
43e3f954 r s5p_serial_ops
43e3f968 r sd_au_size
43e3f9a8 R sdhci_ops
43e3f9b8 r smbios_write_funcs
43e3f9d4 r uimage_arch
43e3fb0c r uimage_comp
43e3fb60 r uimage_os
43e3fbe4 r uimage_type
43e3fd70 r widths.10055
43e3fd84 r crc16_tab
43e3ff84 r crc16_table
43e40184 r dbase.7752
43e401c4 r dext.7753
43e40204 r distfix
43e402cc r lbase.7750
43e4030a r lenfix
43e40b0a r lext.7751
43e40b48 r order.7846
43e40bbf r CSWTCH.70
43e40bd5 r END
43e40bd9 r ROOT
43e40bed r __FUNCTION__.9133
43e40c04 r __FUNCTION__.9278
43e40c1b r __func__.10085
43e40c24 r __func__.10537
43e40c30 r __func__.10570
43e40c44 r __func__.10593
43e40c57 r __func__.10607
43e40c67 r __func__.10644
43e40c72 r __func__.10658
43e40c82 r __func__.10847
43e40c8e r __func__.10882
43e40c98 r __func__.10905
43e40ca1 r __func__.10914
43e40cb1 r __func__.10957
43e40cbb r __func__.10962
43e40cc7 r __func__.11010
43e40cd9 r __func__.11116
43e40ce5 r __func__.11134
43e40cfa r __func__.11148
43e40d12 r __func__.11169
43e40d26 r __func__.11436
43e40d37 r __func__.11580
43e40d46 r __func__.7424
43e40d51 r __func__.7851
43e40d58 r __func__.7874
43e40d6b r __func__.7883
43e40d7f r __func__.8287
43e40d9b r __func__.8329
43e40da9 r __func__.8437
43e40db5 r __func__.8545
43e40dc2 r __func__.8724
43e40dd0 r __func__.8734
43e40ddf r __func__.8746
43e40df1 r __func__.8757
43e40e04 r __func__.8820
43e40e10 r __func__.8838
43e40e23 r __func__.8888
43e40e30 r __func__.8900
43e40e47 r __func__.8905
43e40e54 r __func__.8997
43e40e6c r __func__.9332
43e40e7a r __func__.9844
43e40e87 r __func__.9850
43e40e98 r __func__.9854
43e40eb0 r __func__.9858
43e40ec8 r __func__.9862
43e40ed5 r __func__.9866
43e40ee9 r __func__.9870
43e40efd R _ctype
43e41a1a R default_environment
43e41d68 r delims.7488
43e421a6 r dfu_func
43e42239 r dfu_name
43e4231b r digits.7475
43e4232b r dirletter.8866
43e4428a r efi_block_io_guid
43e444db R efi_file_info_guid
43e4451b R efi_global_variable_guid
43e4452b R efi_guid_console_control
43e4453b R efi_guid_device_path
43e4454b R efi_guid_device_path_to_text_protocol
43e4455b R efi_guid_loaded_image
43e4456b R efi_guid_text_input_protocol
43e4457b R efi_guid_text_output_protocol
43e446cf R efi_simple_file_system_protocol_guid
43e448a2 r env_flags_varaccess_rep
43e448a7 r env_flags_vartype_rep
43e449c1 r erase_seq
43e45533 r fsg_string_interface
43e457e4 r hexchars.8326
43e45fab r manufacturer
43e46534 r multipliers
43e46544 r names.7459
43e46547 r names.7493
43e46d7d r product
43e47544 r smbios_guid
43e4b7a2 r tab_seq
43e4ba5d r vendor_id.8717
43e4ba66 V version_string
43e4bbe4 D s5p_cpu_id
43e4bbe8 D s5p_cpu_rev
43e4bbec d exynos542x_bit_info
43e4be58 d exynos5_bit_info
43e4c0b0 d bootm_help_text
43e4c43c d cmd_bootm_sub
43e4c538 d source_help_text
43e4c586 d bootefi_help_text
43e4c706 d bootz_help_text
43e4c90e d fdt_help_text
43e4cf18 d root.8218
43e4cf1a d tabs.8302
43e4cf3c d do_echo
43e4cf40 d dp_last_length
43e4cf44 d cmd_mmc
43e4d05c d curr_device
43e4d060 d cmd_env_sub
43e4d178 d env_help_text
43e4d3c8 d env_id
43e4d3cc d hash_algo
43e4d3e8 d reserved_list
43e4d46c d init_sequence_r
43e4d4d4 d of_busses
43e4d4ec d hist_cur
43e4d4f0 d av_
43e4d8f8 d sbrk_base
43e4d8fc d trim_threshold
43e4d900 D load_addr
43e4d904 D stdio_names
43e4d910 d system_guid
43e4d920 d cmd_timeout.10592
43e4d924 d dfu_list
43e4d92c d exynos4_gpio_data
43e4d94c d exynos4x12_gpio_data
43e4d98c d exynos5420_gpio_data
43e4d9bc d exynos5_gpio_data
43e4d9fc d ep0_fifo_size
43e4da00 d ep_fifo_size
43e4da04 d reset_available
43e4da08 d composite_driver
43e4da2c d device_desc
43e4da40 d g_dnl_composite_strings
43e4da48 d g_dnl_driver
43e4da68 d g_dnl_string_defs
43e4da88 d g_dnl_string_tab
43e4da90 d fs_in_desc
43e4da99 d fs_int_desc
43e4daa2 d fs_out_desc
43e4daab d hs_in_desc
43e4dab4 d hs_int_desc
43e4dabd d hs_out_desc
43e4dac8 d hs_thor_downloader_function
43e4daf8 d thor_downloader_cdc_abstract
43e4dafc d thor_downloader_cdc_av
43e4db04 d thor_downloader_cdc_call
43e4db09 d thor_downloader_cdc_header
43e4db0e d thor_downloader_cdc_union
43e4db13 d thor_downloader_intf_data
43e4db1c d thor_downloader_intf_int
43e4db25 d thor_iad_descriptor
43e4db30 d dfu_generic_strings
43e4db38 d dfu_intf_runtime
43e4db44 d dfu_runtime_descs
43e4db4c d dfu_strings
43e4db54 d strings_dfu_generic
43e4db64 d stringtab_dfu
43e4db6c d stringtab_dfu_generic
43e4db74 d fsg_fs_bulk_in_desc
43e4db7d d fsg_fs_bulk_out_desc
43e4db88 d fsg_fs_function
43e4db98 d fsg_hs_bulk_in_desc
43e4dba1 d fsg_hs_bulk_out_desc
43e4dbac d fsg_hs_function
43e4dbbc d fsg_intf_desc
43e4dbc8 d fsg_strings
43e4dbd8 d fsg_strings_array
43e4dbe0 d fsg_stringtab
43e4dbe8 D env_htab
43e4dbf8 d first_call
43e4dbfc d first_call
43e4dc00 d fstypes
43e4dca8 D ext4fs_indir1_blkno
43e4dcac D ext4fs_indir2_blkno
43e4dcb0 D ext4fs_indir3_blkno
43e4dcb4 d prev_bg_bitmap_index.8210
43e4dcb8 d prev_inode_bitmap_index.8234
43e4dcbc d prev_bg_bmap_idx.7935
43e4dcc0 d prev_bg_bmap_idx.7950
43e4dcc4 d prev_bg_bmap_idx.7972
43e4dcc8 d prev_bg_bmap_idx.8007
43e4dccc d first_node
43e4dcd0 d efi_is_direct_boot
43e4dcd4 D efi_obj_list
43e4dcdc d efi_tpl
43e4dce0 D efi_runtime_mmio
43e4dce8 d lastoff.10343
43e4dcec D efi_con_in
43e4dcf8 d efi_con_mode
43e4dd10 D efi_con_out
43e4dd38 D efi_console_control
43e4dd44 d efi_cout_modes
43e4dd68 D efi_mem
43e4dd70 d y
43e4dd74 d test_commands
43e4ddd4 D _u_boot_list_2_cmd_2_base
43e4ddd4 d start.7355
43e4ddd4 d start.7359
43e4ddd4 d start.7430
43e4ddd4 d start.7434
43e4ddd4 d start.7461
43e4ddd4 d start.7465
43e4ddf0 D _u_boot_list_2_cmd_2_bdinfo
43e4de0c D _u_boot_list_2_cmd_2_boot
43e4de28 D _u_boot_list_2_cmd_2_bootd
43e4de44 D _u_boot_list_2_cmd_2_bootefi
43e4de60 D _u_boot_list_2_cmd_2_bootelf
43e4de7c D _u_boot_list_2_cmd_2_bootm
43e4de98 D _u_boot_list_2_cmd_2_bootvx
43e4deb4 D _u_boot_list_2_cmd_2_bootz
43e4ded0 D _u_boot_list_2_cmd_2_cmp
43e4deec D _u_boot_list_2_cmd_2_coninfo
43e4df08 D _u_boot_list_2_cmd_2_cp
43e4df24 D _u_boot_list_2_cmd_2_crc32
43e4df40 D _u_boot_list_2_cmd_2_dcache
43e4df5c D _u_boot_list_2_cmd_2_dfu
43e4df78 D _u_boot_list_2_cmd_2_dm
43e4df94 D _u_boot_list_2_cmd_2_echo
43e4dfb0 D _u_boot_list_2_cmd_2_editenv
43e4dfcc D _u_boot_list_2_cmd_2_env
43e4dfe8 D _u_boot_list_2_cmd_2_erase
43e4e004 D _u_boot_list_2_cmd_2_exit
43e4e020 D _u_boot_list_2_cmd_2_ext2load
43e4e03c D _u_boot_list_2_cmd_2_ext2ls
43e4e058 D _u_boot_list_2_cmd_2_ext4load
43e4e074 D _u_boot_list_2_cmd_2_ext4ls
43e4e090 D _u_boot_list_2_cmd_2_ext4size
43e4e0ac D _u_boot_list_2_cmd_2_ext4write
43e4e0c8 D _u_boot_list_2_cmd_2_false
43e4e0e4 D _u_boot_list_2_cmd_2_fatinfo
43e4e100 D _u_boot_list_2_cmd_2_fatload
43e4e11c D _u_boot_list_2_cmd_2_fatls
43e4e138 D _u_boot_list_2_cmd_2_fatsize
43e4e154 D _u_boot_list_2_cmd_2_fatwrite
43e4e170 D _u_boot_list_2_cmd_2_fdt
43e4e18c D _u_boot_list_2_cmd_2_flinfo
43e4e1a8 D _u_boot_list_2_cmd_2_fstype
43e4e1c4 D _u_boot_list_2_cmd_2_go
43e4e1e0 D _u_boot_list_2_cmd_2_gpt
43e4e1fc D _u_boot_list_2_cmd_2_help
43e4e218 D _u_boot_list_2_cmd_2_icache
43e4e234 D _u_boot_list_2_cmd_2_iminfo
43e4e250 D _u_boot_list_2_cmd_2_itest
43e4e26c D _u_boot_list_2_cmd_2_load
43e4e288 D _u_boot_list_2_cmd_2_loadb
43e4e2a4 D _u_boot_list_2_cmd_2_loads
43e4e2c0 D _u_boot_list_2_cmd_2_loadx
43e4e2dc D _u_boot_list_2_cmd_2_loady
43e4e2f8 D _u_boot_list_2_cmd_2_loop
43e4e314 D _u_boot_list_2_cmd_2_ls
43e4e330 D _u_boot_list_2_cmd_2_md
43e4e34c D _u_boot_list_2_cmd_2_mii
43e4e368 D _u_boot_list_2_cmd_2_mm
43e4e384 D _u_boot_list_2_cmd_2_mmc
43e4e3a0 D _u_boot_list_2_cmd_2_mmcinfo
43e4e3bc D _u_boot_list_2_cmd_2_mw
43e4e3d8 D _u_boot_list_2_cmd_2_nm
43e4e3f4 D _u_boot_list_2_cmd_2_part
43e4e410 D _u_boot_list_2_cmd_2_printenv
43e4e42c D _u_boot_list_2_cmd_2_protect
43e4e448 D _u_boot_list_2_cmd_2_question_mark
43e4e464 D _u_boot_list_2_cmd_2_reset
43e4e480 D _u_boot_list_2_cmd_2_run
43e4e49c D _u_boot_list_2_cmd_2_save
43e4e4b8 D _u_boot_list_2_cmd_2_saveenv
43e4e4d4 D _u_boot_list_2_cmd_2_setenv
43e4e4f0 D _u_boot_list_2_cmd_2_setexpr
43e4e50c D _u_boot_list_2_cmd_2_showvar
43e4e528 D _u_boot_list_2_cmd_2_size
43e4e544 D _u_boot_list_2_cmd_2_source
43e4e560 D _u_boot_list_2_cmd_2_test
43e4e57c D _u_boot_list_2_cmd_2_thordown
43e4e598 D _u_boot_list_2_cmd_2_true
43e4e5b4 D _u_boot_list_2_cmd_2_ums
43e4e5d0 D _u_boot_list_2_cmd_2_version
43e4e5ec D _u_boot_list_2_driver_2_exynos_dwmmc_drv
43e4e5ec d end.7362
43e4e5ec d end.7437
43e4e5ec d end.7468
43e4e5ec d start.9262
43e4e5ec d start.9266
43e4e5ec d start.9348
43e4e5ec d start.9352
43e4e630 D _u_boot_list_2_driver_2_gpio_exynos
43e4e674 D _u_boot_list_2_driver_2_i2c_generic_chip_drv
43e4e6b8 D _u_boot_list_2_driver_2_mmc
43e4e6fc D _u_boot_list_2_driver_2_mmc_blk
43e4e740 D _u_boot_list_2_driver_2_root_driver
43e4e784 D _u_boot_list_2_driver_2_s5p_sdhci_drv
43e4e7c8 D _u_boot_list_2_driver_2_serial_s5p
43e4e80c D _u_boot_list_2_driver_2_simple_bus_drv
43e4e850 D _u_boot_list_2_driver_2_spi_generic_drv
43e4e894 D _u_boot_list_2_env_clbk_2_baudrate
43e4e894 d end.9269
43e4e894 d end.9308
43e4e894 d end.9355
43e4e894 d start.7752
43e4e894 d start.7759
43e4e894 d start.9301
43e4e894 d start.9305
43e4e89c D _u_boot_list_2_env_clbk_2_callbacks
43e4e8a4 D _u_boot_list_2_env_clbk_2_console
43e4e8ac D _u_boot_list_2_env_clbk_2_flags
43e4e8b4 D _u_boot_list_2_env_clbk_2_loadaddr
43e4e8bc D _u_boot_list_2_env_clbk_2_serialno
43e4e8c4 D _u_boot_list_2_env_driver_2_mmc
43e4e8c4 d end.7755
43e4e8c4 d start.7752
43e4e8c4 d start.7760
43e4e8dc D _u_boot_list_2_g_dnl_bind_callbacks_2___usb_function_name_usb_dnl_dfu
43e4e8dc d end.7755
43e4e8dc d start.11505
43e4e8e4 D _u_boot_list_2_g_dnl_bind_callbacks_2___usb_function_name_usb_dnl_thor
43e4e8ec D _u_boot_list_2_g_dnl_bind_callbacks_2___usb_function_name_usb_dnl_ums
43e4e8f4 D _u_boot_list_2_part_driver_2_a_efi
43e4e8f4 d start.7444
43e4e8f4 d start.7448
43e4e8f4 d start.7512
43e4e8f4 d start.7516
43e4e8f4 d start.7598
43e4e8f4 d start.7602
43e4e90c D _u_boot_list_2_part_driver_2_dos
43e4e924 D _u_boot_list_2_part_driver_2_iso
43e4e93c D _u_boot_list_2_uclass_2_blk
43e4e93c d end.7451
43e4e93c d end.7519
43e4e93c d end.7605
43e4e93c d start.9281
43e4e93c d start.9285
43e4e984 D _u_boot_list_2_uclass_2_gpio
43e4e9cc D _u_boot_list_2_uclass_2_i2c
43e4ea14 D _u_boot_list_2_uclass_2_i2c_generic
43e4ea5c D _u_boot_list_2_uclass_2_keyboard
43e4eaa4 D _u_boot_list_2_uclass_2_mmc
43e4eaec D _u_boot_list_2_uclass_2_root
43e4eb34 D _u_boot_list_2_uclass_2_serial
43e4eb7c D _u_boot_list_2_uclass_2_simple_bus
43e4ebc4 D _u_boot_list_2_uclass_2_spi
43e4ec0c D _u_boot_list_2_uclass_2_spi_flash
43e4ec54 D _u_boot_list_2_uclass_2_spi_generic
43e4ec9c D __efi_runtime_start
43e4ec9c d end.9288
43e4eca0 W efi_reset_system
43e4eca4 W efi_get_time
43e4ecac t efi_unimplemented
43e4ecb4 t efi_device_error
43e4ecbc t efi_invalid_parameter
43e4ecc8 T systab
43e4ed10 t efi_conf_table
43e4ed38 t firmware_vendor
43e4ed50 T efi_runtime_services
43e4eda0 T __efi_runtime_rel_start
43e4eda0 T __efi_runtime_stop
43e4ee30 B __bss_base
43e4ee30 B __bss_start
43e4ee30 R __efi_runtime_rel_stop
43e4ee30 R __image_copy_end
43e4ee30 R __rel_dyn_start
43e4ee30 b base_time_us.7535
43e4ee34 b params
43e4ee38 b bootefi_device_path
43e4ee3c b bootefi_image_path
43e4ee40 b efi_obj_list_initalized
43e4ee44 b data.8191
43e4f244 B working_fdt
43e4f248 b a_b
43e4f260 b bin_start_address
43e4f264 b his_eol
43e4f265 b his_pad_char
43e4f268 b his_pad_count
43e4f26c b his_quote
43e4f270 b k_data_escape
43e4f274 b k_data_escape_saved
43e4f278 b os_data_addr
43e4f27c b os_data_addr_saved
43e4f280 b os_data_char
43e4f284 b os_data_init
43e4f288 b os_data_state
43e4f28c b os_data_state_saved
43e4f290 b send_parms
43e4f2a4 b send_ptr
43e4f2a8 b base_address
43e4f2ac b dp_last_addr
43e4f2b0 b dp_last_size
43e4f2b4 b mm_last_addr
43e4f2b8 b mm_last_size
43e4f2bc b last_addr_hi
43e4f2c0 b last_addr_lo
43e4f2c4 b last_data
43e4f2c8 b last_mask
43e4f2cc b last_op
43e4f2d0 b last_reg_hi
43e4f2d4 b last_reg_lo
43e4f2d8 b ums
43e4f2dc b ums_count
43e4f2e0 b buf.7892
43e4f308 b do_repeat
43e4f30c b flag_repeat
43e4f310 b ifs
43e4f314 b last_return_code
43e4f318 b map
43e4f418 b the_command.7692
43e4f81c b top_vars
43e4f820 b stored_bootdelay
43e4f824 B monitor_flash_len
43e4f828 B images
43e4f958 b current_mii
43e4f95c b mii_devs
43e4f964 B console_buffer
43e4fd68 b hist_add_idx
43e4fd6c b hist_lines
43e54d80 b hist_list
43e54dd0 b hist_max
43e54dd4 b hist_num
43e54dd8 b initted.7558
43e54ddc b ctrlc_disabled
43e54de0 b ctrlc_was_pressed
43e54de4 b current_mallinfo
43e54e0c b max_sbrked_mem
43e54e10 b max_total_mem
43e54e14 B mem_malloc_brk
43e54e18 B mem_malloc_end
43e54e1c B mem_malloc_start
43e54e20 b top_pad
43e54e24 b devs
43e54e70 B stdio_devices
43e54e7c b tmp_buf
43e5527d b tmp_buf.7451
43e55480 b xyz
43e558c0 b tmpbuf
43e560c0 b name.8688
43e560e8 b initialized.10119
43e560ec B aligned_buffer
43e560f0 b alt_num_cnt
43e560f4 b dfu_alt_num
43e560f8 b dfu_buf
43e560fc b dfu_buf_size
43e56100 b dfu_hash_algo
43e56104 b dfu_file_buf
43e56108 b dfu_file_buf_filled
43e56110 b dfu_file_buf_len
43e56118 b epnum
43e5611c B clear_feature_flag
43e56120 b clear_feature_num
43e56124 B reg
43e56128 B the_controller
43e5612c b usb_ctrl
43e56130 b usb_ctrl_dma_addr
43e56134 b composite
43e56138 b g_dnl_detach_request
43e56139 b g_dnl_serial
43e56240 b __f_name
43e56280 b __thor_rx_data_buf
43e56380 b __thor_tx_data_buf
43e56400 b alt_setting_num
43e56404 b cnt.10840
43e56408 b left.10836
43e56410 b thor_file_size
43e56418 b thor_func
43e5641c B dfu_defer_flush
43e56420 b state.8623
43e56424 b the_fsg_common
43e56428 b ums
43e5642c b ums_count
43e56430 b unknown.8879
43e56440 b callback_list
43e56444 b flags_list
43e56448 b fs_dev_desc
43e5644c b fs_dev_part
43e56450 b fs_partition
43e564c8 b fs_type
43e564d0 B ext_fs
43e56518 B ext4fs_file
43e5651c B ext4fs_indir1_block
43e56520 B ext4fs_indir1_size
43e56524 B ext4fs_indir2_block
43e56528 B ext4fs_indir2_size
43e5652c B ext4fs_indir3_block
43e56530 B ext4fs_indir3_size
43e56534 B ext4fs_root
43e56538 B g_parent_inode
43e5653c b symlinknest
43e56540 b part_info
43e56544 B part_offset
43e56548 B dirty_block_ptr
43e566d8 B gd_index
43e566dc B gindex
43e566e0 B journal_ptr
43e56870 B jrnl_blk_idx
43e56874 b prev_node
43e56878 b revk_blk_list
43e5687c b cur_dev
43e56880 b cur_part_info
43e568f8 b dir_curclust
43e56900 B do_fat_read_at_block
43e57058 R __rel_dyn_end
43e57058 R _end
43e57058 R _image_binary_end
43e66900 b empty_dentptr
43e66940 B get_contents_vfatname_block
43e76940 B get_dentfromdir_block
43e86940 b num_of_fats
43e86944 b total_sector
43e86948 b app_gd
43e86950 b efi_events
43e86bd0 b efi_gd
43e86bd4 b entry_count
43e86bd8 b mono.9313
43e86be0 b nesting_level
43e86be4 b ret.9235
43e86be8 b console_size_queried
43e86bec b console_timer_event
43e86bf0 b rs
43e86bf4 b watchdog_timer_event
43e86bf8 B errno
43e86bfc B ___strtok
43e86c00 b local.7679
43e86c18 B __bss_end
43e86c18 B __bss_limit
